[dependencies.toto]
git = "https://gitlab-ci-token:token123@gitlab.com/orga/project.git"
tag = "1.0.0"
[dev-dependencies.titi]
default-no-features = "true"
features = ["feature1", "test"]
git = "https://gitlab-ci-token:token123@gitlab.domain.tld/myorg/sub_project/too/deep.git"
tag = "1.0.0"

[package]
edition = "2021"
name = "project1"
version = "0.1.0"
